While checking the EKR properties of Transitive group number 17 of degree 12 we encountered the error 'TransitiveGroup_with_category' object has no attribute '_SageObject__custom_name'


While checking the EKR properties of Transitive group number 23 of degree 12 we encountered the error 'TransitiveGroup_with_category' object has no attribute '_SageObject__custom_name'


While checking the EKR properties of Transitive group number 31 of degree 12 we encountered the error 'TransitiveGroup_with_category' object has no attribute '_SageObject__custom_name'


While checking the EKR properties of Transitive group number 34 of degree 12 we encountered the error 'TransitiveGroup_with_category' object has no attribute '_SageObject__custom_name'


While checking the EKR properties of Transitive group number 40 of degree 12 we encountered the error 'TransitiveGroup_with_category' object has no attribute '_SageObject__custom_name'


While checking the EKR properties of Transitive group number 41 of degree 12 we encountered the error 'TransitiveGroup_with_category' object has no attribute '_SageObject__custom_name'

hello this is cody
